35:41
                                                                     1
            23232323                                                 1
            23                                                       1
  23        23                                                       1
  23        23                                                       1
  23        23                                                       1
  2323232323232323232323                                             1
            23        23                                             1
            23        23                                             1
            23        23                                             1
    2323232323        2323232323    232323232323                     1
                          23        23                               1
                          23        23                               1
                          23        23                               1
                          23        23                               1
                          2323232323232323232323                     1
                                    23        23                     1
                                    23        23                     1
                                    23        23                     1
                                    23                               1
                      23        2323232323                           1
                      23        23                                   1
                      23        23                                   1
                      23        23                                   1
                      23        23                                   1
                      2323232323232323232323                         1
                                23        23                         1
                                23        23                         1
                                23        23                         1
              23        232323232323      23232323      23232323     1
              23        23                    23        23           1
              23        23                    23        23           1
              23        23                    23        23           1
              23        23                    23        23           1
              2323232323232323232323          2323232323232323232323 1
                        23        23                    23        23 1
                        23        23                    23        23 1
                        23        23                    23        23 1
                        23        23                    23        23 1
              232323232323        23          232323232323        23 1
                                                                     1

          333533333533                                               1
          33        35                                               1
332933    33  33353333                                               1
33  33    33  33                                                     1
33  33    33  33                                                     1
33  33353333  333533333533                                           1
33                      33                                           1
333533333533  33353333  33                                           1
          33  33    33  33                                           1
  3335333533  33    33  33353333353333353333353333                   1
  33          33    33          3333            33                   1
  33353333353333    333533  33353333  333533333533                   1
                        33  33    33  33                             1
                        33  33    33  33                             1
                        33  33353333  333533333533                   1
                        33                      33                   1
                        333533333533  33353333  33                   1
                                  33  33    33  33                   1
                                  33  33    33  33                   1
                    333533    333533  333533333533                   1
                    33  33    33          33                         1
                    33  33    33  3335333533                         1
                    33  33    33  33                                 1
                    33  33    33  33                                 1
                    33  33353333  333533333533                       1
                    33                      33                       1
                    333533333533  33353333  33                       1
                              33  33    33  33                       1
            333533    3335333533  3333  33  33353333  333533333533   1
            33  33    33            33  33        33  33        33   1
            33  33    33  333533333533  333533  3333  33  33353333   1
            33  33    33  33                33  33    33  33         1
            33  33    33  33                33  33    33  33         1
            33  33353333  333533333533      33  33353333  333533333533
            33                      33      33                      33
            333533333533  33353333  33      333533333533  33353333  33
                      33  33    33  33                33  33    33  33
                      33  33    33  33                33  33    33  33
            333533333533  33    33  33      333533333533  33    33  33
            27            33    33  33      33            33    33  33
            3335333335333533    333533      3335333335333533    333533

                                                                     1
            01010101                                                 1
            01                                                       1
  01        01                                                       1
  01        01                                                       1
  01        01                                                       1
  0101010101010101010101                                             1
            01        01                                             1
            01        01                                             1
            01        01                                             1
    0101010101        0101010101    010101010101                     1
                          01        01                               1
                          01        01                               1
                          01        01                               1
                          01        01                               1
                          0101010101010101010101                     1
                                    01        01                     1
                                    01        01                     1
                                    01        01                     1
                                    01                               1
                      01        0101010101                           1
                      01        01                                   1
                      01        01                                   1
                      01        01                                   1
                      01        01                                   1
                      0101010101010101010101                         1
                                01        01                         1
                                01        01                         1
                                01        01                         1
              01        010101010101      01010101    01010101       1
              01        01                    01        01           1
              01        01                    01        01           1
              01        01                    01        01           1
              01        01                    01        01           1
              0101010101010101010101          0101010101010101010101 1
                        01        01                    01        01 1
                        01        01                    01        01 1
                        01        01                    01        01 1
                        01        01                    01        01 1
              010101010101        01          010101010101        01 1
                                                                     1
